$ trying a fake command
$ $ trying what happens when I hit enter a bunch of times
$ $ $ $ $ $ $ $ $ $ $ $ $ $ $ $ $ $ $ $ $ $ $ $ $ sleeping my bum bum away
$ $ $ 
